A_10: 12 leftover orbits in 7 polynomial groups, computed in 1s
05:17:38 depth 3 from 34504030 (orbit 34504030): 1 LNAs, 4s
05:17:41 depth 3 from 50505000 (orbit 50505000): 1 LNAs, 6s
05:17:45 depth 3 from 03033030 (orbit 03033030): 3 LNAs, 11s
05:17:46 depth 3 from 30330300 (orbit 03033030): 3 LNAs, 11s
05:17:46 depth 3 from 23033030 (orbit 03033030): 3 LNAs, 7s
05:17:49 depth 3 from 30330302 (orbit 03033030): 3 LNAs, 8s
05:17:57 depth 3 from 30330400 (orbit 30330400): 2 LNAs, 12s
05:17:57 depth 3 from 40033030 (orbit 30330400): 2 LNAs, 12s
05:17:57 depth 3 from 30340030 (orbit 30340030): 2 LNAs, 11s
05:17:59 depth 3 from 30403030 (orbit 30340030): 2 LNAs, 10s
05:18:02 depth 3 from 30440030 (orbit 30440030): 1 LNAs, 6s
05:18:11 depth 3 from 03505000 (orbit 03345000): 7 LNAs, 14s
05:18:11 depth 3 from 05050030 (orbit 03345000): 6 LNAs, 14s
05:18:13 depth 3 from 35050000 (orbit 03345000): 6 LNAs, 14s
05:18:16 depth 3 from 36005000 (orbit 03345000): 5 LNAs, 14s
05:18:23 depth 3 from 03345000 (orbit 03345000): 8 LNAs, 10s
05:18:25 depth 3 from 50600030 (orbit 03345000): 5 LNAs, 14s
05:18:26 depth 3 from 50500300 (orbit 03345000): 7 LNAs, 15s
05:18:28 depth 3 from 03455000 (orbit 03345000): 10 LNAs, 12s
05:18:35 depth 3 from 05040330 (orbit 03345000): 7 LNAs, 9s
05:18:37 depth 3 from 04550400 (orbit 03345000): 11 LNAs, 14s
05:18:38 depth 3 from 05504030 (orbit 03345000): 7 LNAs, 12s
05:18:39 depth 3 from 23505000 (orbit 03345000): 7 LNAs, 11s
05:18:45 depth 3 from 25050030 (orbit 03345000): 8 LNAs, 11s
05:18:46 depth 3 from 33450000 (orbit 03345000): 7 LNAs, 10s
05:18:49 depth 3 from 33505000 (orbit 03345000): 7 LNAs, 11s
05:18:51 depth 3 from 34045000 (orbit 03345000): 5 LNAs, 12s
05:18:55 depth 3 from 34505000 (orbit 03345000): 3 LNAs, 10s
05:18:58 depth 3 from 34550000 (orbit 03345000): 7 LNAs, 12s
05:18:58 depth 3 from 35050030 (orbit 03345000): 3 LNAs, 7s
05:19:00 depth 3 from 35050002 (orbit 03345000): 8 LNAs, 11s
05:19:07 depth 3 from 35050400 (orbit 03345000): 4 LNAs, 12s
05:19:09 depth 3 from 35605000 (orbit 03345000): 5 LNAs, 12s
05:19:11 depth 3 from 35055000 (orbit 03345000): 8 LNAs, 13s
05:19:11 depth 3 from 45050030 (orbit 03345000): 4 LNAs, 11s
05:19:17 depth 3 from 46600400 (orbit 03345000): 4 LNAs, 7s
05:19:20 depth 3 from 50403300 (orbit 03345000): 8 LNAs, 10s
05:19:21 depth 3 from 45504000 (orbit 03345000): 11 LNAs, 14s
05:19:23 depth 3 from 50404030 (orbit 03345000): 5 LNAs, 12s
05:19:28 depth 3 from 50500302 (orbit 03345000): 7 LNAs, 11s
05:19:30 depth 3 from 50504030 (orbit 03345000): 3 LNAs, 10s
05:19:31 depth 3 from 50500330 (orbit 03345000): 7 LNAs, 11s
05:19:35 depth 3 from 55040300 (orbit 03345000): 10 LNAs, 12s
05:19:40 depth 3 from 04444400 (orbit 03345000): 12 LNAs, 9s
05:19:41 depth 3 from 55050030 (orbit 03345000): 8 LNAs, 13s
05:19:41 depth 3 from 56050030 (orbit 03345000): 5 LNAs, 11s
05:19:42 depth 3 from 23345000 (orbit 03345000): 6 LNAs, 7s
05:19:48 depth 3 from 25040330 (orbit 03345000): 7 LNAs, 7s
05:19:49 depth 3 from 23455000 (orbit 03345000): 8 LNAs, 9s
05:19:51 depth 3 from 25504030 (orbit 03345000): 9 LNAs, 9s
05:19:52 depth 3 from 24550400 (orbit 03345000): 12 LNAs, 11s
05:19:55 depth 3 from 33345000 (orbit 03345000): 7 LNAs, 7s
05:19:56 depth 3 from 33450002 (orbit 03345000): 7 LNAs, 7s
05:19:59 depth 3 from 33450030 (orbit 03345000): 8 LNAs, 8s
05:19:59 depth 3 from 33450400 (orbit 03345000): 4 LNAs, 7s
05:20:04 depth 3 from 33455000 (orbit 03345000): 7 LNAs, 9s
05:20:05 depth 3 from 34550002 (orbit 03345000): 9 LNAs, 9s
05:20:09 depth 3 from 34550030 (orbit 03345000): 6 LNAs, 10s
05:20:11 depth 3 from 34550400 (orbit 03345000): 6 LNAs, 12s
05:20:14 depth 3 from 34555000 (orbit 03345000): 7 LNAs, 10s
05:20:14 depth 3 from 35040330 (orbit 03345000): 8 LNAs, 9s
05:20:18 depth 3 from 35504030 (orbit 03345000): 6 LNAs, 9s
05:20:20 depth 3 from 44444000 (orbit 03345000): 12 LNAs, 9s
05:20:22 depth 3 from 45040330 (orbit 03345000): 4 LNAs, 8s
05:20:25 depth 3 from 44550400 (orbit 03345000): 9 LNAs, 11s
05:20:28 depth 3 from 45504002 (orbit 03345000): 12 LNAs, 10s
05:20:30 depth 3 from 45550400 (orbit 03345000): 3 LNAs, 5s
05:20:31 depth 3 from 45504030 (orbit 03345000): 6 LNAs, 11s
05:20:32 depth 3 from 45504400 (orbit 03345000): 9 LNAs, 11s
05:20:35 depth 3 from 50403302 (orbit 03345000): 6 LNAs, 7s
05:20:37 depth 3 from 50403330 (orbit 03345000): 7 LNAs, 7s
05:20:41 depth 3 from 55040302 (orbit 03345000): 8 LNAs, 9s
05:20:41 depth 3 from 55040330 (orbit 03345000): 7 LNAs, 9s
05:20:44 depth 3 from 24444400 (orbit 03345000): 11 LNAs, 7s
05:20:44 depth 3 from 33440330 (orbit 03345000): 2 LNAs, 3s
05:20:45 depth 3 from 55504030 (orbit 03345000): 7 LNAs, 9s
05:20:49 depth 3 from 34444400 (orbit 03345000): 8 LNAs, 8s
05:20:49 depth 3 from 44444400 (orbit 03345000): 4 LNAs, 4s
05:20:51 depth 3 from 44444002 (orbit 03345000): 11 LNAs, 8s
05:20:52 depth 3 from 44444030 (orbit 03345000): 8 LNAs, 8s
05:21:02 depth 3 from 35060000 (orbit 33460000): 5 LNAs, 13s
05:21:02 depth 3 from 36060000 (orbit 33460000): 5 LNAs, 13s
05:21:05 depth 3 from 40505000 (orbit 33460000): 4 LNAs, 14s
05:21:05 depth 3 from 46005000 (orbit 33460000): 5 LNAs, 14s
05:21:15 depth 3 from 50500400 (orbit 33460000): 4 LNAs, 14s
05:21:16 depth 3 from 50600400 (orbit 33460000): 5 LNAs, 14s
05:21:18 depth 3 from 60050030 (orbit 33460000): 5 LNAs, 13s
05:21:18 depth 3 from 60600030 (orbit 33460000): 5 LNAs, 13s
05:21:25 depth 3 from 33460000 (orbit 33460000): 5 LNAs, 9s
05:21:25 depth 3 from 33560000 (orbit 33460000): 5 LNAs, 9s
05:21:29 depth 3 from 34560000 (orbit 33460000): 6 LNAs, 11s
05:21:29 depth 3 from 34660000 (orbit 33460000): 6 LNAs, 11s
05:21:34 depth 3 from 40345000 (orbit 33460000): 5 LNAs, 10s
05:21:36 depth 3 from 35660000 (orbit 33460000): 6 LNAs, 11s
05:21:39 depth 3 from 44045000 (orbit 33460000): 4 LNAs, 10s
05:21:41 depth 3 from 40455000 (orbit 33460000): 5 LNAs, 12s
05:21:47 depth 3 from 44505000 (orbit 33460000): 5 LNAs, 13s
05:21:48 depth 3 from 45055000 (orbit 33460000): 5 LNAs, 13s
05:21:53 depth 3 from 45505000 (orbit 33460000): 6 LNAs, 14s
05:21:55 depth 3 from 45605000 (orbit 33460000): 7 LNAs, 13s
05:21:58 depth 3 from 50403400 (orbit 33460000): 5 LNAs, 10s
05:22:00 depth 3 from 46605000 (orbit 33460000): 8 LNAs, 13s
05:22:03 depth 3 from 50404400 (orbit 33460000): 4 LNAs, 10s
05:22:07 depth 3 from 50504400 (orbit 33460000): 5 LNAs, 12s
05:22:11 depth 3 from 50550400 (orbit 33460000): 6 LNAs, 13s
05:22:12 depth 3 from 55040400 (orbit 33460000): 5 LNAs, 12s
05:22:16 depth 3 from 55050400 (orbit 33460000): 5 LNAs, 13s
05:22:20 depth 3 from 56050400 (orbit 33460000): 7 LNAs, 13s
05:22:21 depth 3 from 60040330 (orbit 33460000): 5 LNAs, 9s
05:22:24 depth 3 from 56600400 (orbit 33460000): 8 LNAs, 13s
05:22:25 depth 3 from 60500330 (orbit 33460000): 5 LNAs, 9s
05:22:32 depth 3 from 60504030 (orbit 33460000): 6 LNAs, 11s
05:22:32 depth 3 from 66004030 (orbit 33460000): 6 LNAs, 11s
05:22:34 depth 3 from 44445000 (orbit 33460000): 8 LNAs, 10s
05:22:36 depth 3 from 66050030 (orbit 33460000): 6 LNAs, 11s
05:22:41 depth 3 from 44555000 (orbit 33460000): 6 LNAs, 10s
05:22:42 depth 3 from 44455000 (orbit 33460000): 7 LNAs, 10s
05:22:46 depth 3 from 45555000 (orbit 33460000): 9 LNAs, 12s
05:22:46 depth 3 from 50444400 (orbit 33460000): 8 LNAs, 10s
05:22:51 depth 3 from 55044400 (orbit 33460000): 7 LNAs, 10s
05:22:52 depth 3 from 55504400 (orbit 33460000): 6 LNAs, 10s
05:22:58 depth 3 from 55550400 (orbit 33460000): 9 LNAs, 12s
05:22:59 depth 4 from 34504030 (orbit 34504030): 1 LNAs, 13s
05:23:14 depth 4 from 50505000 (orbit 50505000): 1 LNAs, 22s
05:23:20 depth 4 from 23033030 (orbit 03033030): 3 LNAs, 20s
05:23:24 depth 4 from 03033030 (orbit 03033030): 3 LNAs, 31s
05:23:30 depth 4 from 30330300 (orbit 03033030): 3 LNAs, 32s
05:23:35 depth 4 from 30330302 (orbit 03033030): 3 LNAs, 20s
05:23:53 depth 4 from 30330400 (orbit 30330400): 2 LNAs, 33s
05:23:58 depth 4 from 40033030 (orbit 30330400): 2 LNAs, 34s
05:24:02 depth 4 from 30340030 (orbit 30340030): 2 LNAs, 32s
05:24:06 depth 4 from 30403030 (orbit 30340030): 2 LNAs, 32s
05:24:11 depth 4 from 30440030 (orbit 30440030): 1 LNAs, 17s
05:24:48 depth 4 from 03505000 (orbit 03345000): 11 LNAs, 51s
05:24:51 depth 4 from 05050030 (orbit 03345000): 10 LNAs, 50s
05:24:56 depth 4 from 35050000 (orbit 03345000): 10 LNAs, 49s
05:25:01 depth 4 from 36005000 (orbit 03345000): 10 LNAs, 51s
05:25:26 depth 4 from 03345000 (orbit 03345000): 14 LNAs, 30s
05:25:37 depth 4 from 50500300 (orbit 03345000): 11 LNAs, 48s
05:25:39 depth 4 from 50600030 (orbit 03345000): 10 LNAs, 48s
05:25:41 depth 4 from 03455000 (orbit 03345000): 15 LNAs, 40s
05:26:06 depth 4 from 05040330 (orbit 03345000): 12 LNAs, 29s
05:26:12 depth 4 from 04550400 (orbit 03345000): 14 LNAs, 46s
05:26:13 depth 4 from 23505000 (orbit 03345000): 12 LNAs, 32s
05:26:14 depth 4 from 05504030 (orbit 03345000): 13 LNAs, 36s

A_10: 7 polynomial groups left over, 12 orbits
  (lambda - 1)**2*(lambda + 1)**2*(lambda**2 - lambda + 1)*(lambda**2 + lambda + 1)**2
    1 orbit(s) -> at most 1 class(es)
          00334400   123 members,    0 certified not p.h., merged into 00334400, every member searched to depth 0
  (lambda - 1)**2*(lambda + 1)**2*(lambda**2 + 1)*(lambda**4 + lambda**3 + lambda**2 + lambda + 1)
    2 orbit(s) -> at most 2 class(es)
          03345000    69 members,    0 certified not p.h., merged into 03345000, every member searched to depth 3
          33460000    42 members,    0 certified not p.h., merged into 33460000, every member searched to depth 3
  (lambda - 1)**2*(lambda + 1)**2*(lambda**4 + 1)*(lambda**2 + lambda + 1)
    1 orbit(s) -> at most 1 class(es)
          04500030    10 members,    6 certified not p.h., merged into 04500030, every member searched to depth 0
  (lambda - 1)**2*(lambda + 1)**2*(lambda**2 + lambda + 1)*(lambda**4 - lambda**2 + 1)
    4 orbit(s) -> at most 4 class(es)
          03033030     4 members,    4 certified not p.h., merged into 03033030, every member searched to depth 4
          30330400     2 members,    2 certified not p.h., merged into 30330400, every member searched to depth 4
          30340030     2 members,    2 certified not p.h., merged into 30340030, every member searched to depth 4
          30440030     1 members,    1 certified not p.h., merged into 30440030, every member searched to depth 4
  (lambda - 1)**2*(lambda + 1)**4*(lambda**4 - lambda**3 + lambda**2 - lambda + 1)
    1 orbit(s) -> at most 1 class(es)
          30033030     6 members,    6 certified not p.h., merged into 30033030, every member searched to depth 0
  (lambda + 1)**2*(lambda**2 - lambda + 1)*(lambda**6 - lambda**3 + 1)
    2 orbit(s) -> at most 2 class(es)
          34504030     1 members,    0 certified not p.h., merged into 34504030, every member searched to depth 4
          50505000     1 members,    0 certified not p.h., merged into 50505000, every member searched to depth 4
  (lambda**4 - lambda**2 + 1)*(lambda**6 + lambda**5 + lambda**4 + lambda**3 + lambda**2 + lambda + 1)
    1 orbit(s) -> at most 1 class(es)
          45050400     1 members,    0 certified not p.h., merged into 45050400, every member searched to depth 0
  at most 12 non-quipu classes (each polynomial group is at least one)
summary written to workshop/rounds/051/merges-10-summary.txt
stopped on the budget; rerun the same command to continue
